{
  "$schema": "http://cyclonedx.org/schema/bom-1.6.schema.json",
  "bomFormat": "CycloneDX",
  "specVersion": "1.6",
  "serialNumber": "urn:uuid:4a77abd6-12be-494a-aa7b-b285e10d1da8",
  "version": 1,
  "metadata": {
    "timestamp": "2025-02-26T16:07:00-05:00",
    "tools": {
      "components": [
        {
          "type": "application",
          "author": "anchore",
          "name": "grype",
          "version": "[not provided]"
        }
      ]
    },
    "component": {
      "bom-ref": "163686ac6e30c752",
      "type": "file",
      "name": "/var/folders/c0/4y79v5k56bz8v34chcmvq2k80000gp/T/TestCycloneDxPresenterDir1750942944/001"
    }
  },
  "components": [
    {
      "bom-ref": "9baa2db122fea516",
      "type": "library",
      "name": "package-1",
      "version": "1.1.1",
      "cpe": "cpe:2.3:a:anchore:engine:0.9.2:*:*:python:*:*:*:*",
      "properties": [
        {
          "name": "syft:package:type",
          "value": "rpm"
        },
        {
          "name": "syft:package:metadataType",
          "value": "rpm-db-entry"
        },
        {
          "name": "syft:location:0:path",
          "value": "/foo/bar/somefile-1.txt"
        },
        {
          "name": "syft:metadata:epoch",
          "value": "2"
        },
        {
          "name": "syft:metadata:size",
          "value": "0"
        },
        {
          "name": "syft:metadata:sourceRpm",
          "value": "some-source-rpm"
        }
      ]
    },
    {
      "bom-ref": "pkg:deb/package-2@2.2.2?package-id=7bb53d560434bc7f",
      "type": "library",
      "name": "package-2",
      "version": "2.2.2",
      "licenses": [
        {
          "license": {
            "id": "Apache-2.0"
          }
        },
        {
          "license": {
            "id": "MIT"
          }
        }
      ],
      "cpe": "cpe:2.3:a:anchore:engine:2.2.2:*:*:python:*:*:*:*",
      "purl": "pkg:deb/package-2@2.2.2",
      "properties": [
        {
          "name": "syft:package:type",
          "value": "deb"
        },
        {
          "name": "syft:location:0:path",
          "value": "/foo/bar/somefile-2.txt"
        }
      ]
    }
  ],
  "vulnerabilities": [
    {
      "bom-ref": "urn:uuid:285f0b18-d48b-4a70-8c3f-d3a8787e7db5",
      "id": "CVE-1999-0001",
      "source": {
        "name": "source-1"
      },
      "references": [
        {
          "id": "CVE-1999-0001",
          "source": {
            "name": "source-1"
          }
        }
      ],
      "ratings": [
        {
          "score": 4,
          "severity": "low",
          "method": "CVSSv3",
          "vector": "another vector"
        }
      ],
      "description": "1999-01 description",
      "affects": [
        {
          "ref": "9baa2db122fea516"
        }
      ]
    },
    {
      "bom-ref": "urn:uuid:410dfb35-5257-4af9-87d7-0d62c0fe620c",
      "id": "CVE-1999-0002",
      "source": {
        "name": "source-2"
      },
      "references": [
        {
          "id": "CVE-1999-0002",
          "source": {
            "name": "source-2"
          }
        }
      ],
      "ratings": [
        {
          "score": 1,
          "severity": "critical",
          "method": "CVSSv2",
          "vector": "vector"
        }
      ],
      "description": "1999-02 description",
      "affects": [
        {
          "ref": "pkg:deb/package-2@2.2.2?package-id=7bb53d560434bc7f"
        }
      ]
    }
  ]
}
